opam-version: "2.0"
name: "noop"
maintainer: "dummy"
authors: "dummy"
homepage: "dummy"
bug-reports: "dummy"
dev-repo: "git://dummy"
synopsis: "Unikernel noop - main opam file"
description: """
It assumes that local dependencies are already
fetched, and the mirage.context is present in the source tree.
"""

build: [
  [ "mirage" "configure"  ]
  [ "mirage" "build" ]
]

install: [
  [ "cp" "dist/noop" "%{bin}%/noop" ]
]

depends: [
  
]

url { src: "https://github.com/mirage/mirage#HEAD" }
